2025-12-09 03:44:17 +00:00: [dotenv@17.2.3] injecting env (9) from .env -- tip: ⚙️  enable debug logging with { debug: true }
2025-12-09 03:44:18 +00:00: [dotenv@17.2.3] injecting env (0) from .env -- tip: 🔐 encrypt with Dotenvx: https://dotenvx.com
2025-12-09 03:44:18 +00:00: Iniciando server.js...
2025-12-09 03:44:18 +00:00: ✅ Servidor corriendo en http://penyrphf.icu:3000
2025-12-09 03:44:18 +00:00: [EMAIL] Transporter de correo configurado
2025-12-09 03:44:18 +00:00: ¡Conectado exitosamente a la base de datos de AWS EC2!
2025-12-09 03:44:18 +00:00: ✅ [EMAIL] Conexión SMTP verificada correctamente
2025-12-09 03:50:51 +00:00: 📌 GET /api/cuentas/1 - Buscando cuentas...
2025-12-09 03:50:51 +00:00: ✅ Cuentas encontradas: 1
2025-12-09 03:50:51 +00:00: Datos: [
  {
    Numcuenta: '1234567890',
    Banco: 'Liberty Bank',
    Dinero: 13368.3,
    Clabe: '123456789012345678',
    NumTelefono: '5512345678'
  }
]
2025-12-09 03:50:52 +00:00: 🔍 Verificando elegibilidad para usuario: 1
2025-12-09 03:51:06 +00:00: 📧 [EMAIL] Preparando correo de transferencia enviada...
2025-12-09 03:51:06 +00:00: 📧 [EMAIL] Intento 1/3 - Enviando correo a: yamirperezlopez800@gmail.com
2025-12-09 03:51:06 +00:00: 📧 [EMAIL] Preparando correo de transferencia recibida...
2025-12-09 03:51:06 +00:00: 📧 [EMAIL] Intento 1/3 - Enviando correo a: maria.lopez@example.com
2025-12-09 03:51:07 +00:00: ✅ [EMAIL] Correo enviado exitosamente - ID: <f3e32ac1-bc2f-b91a-0080-e0ef3be6babf@gmail.com>
2025-12-09 03:51:07 +00:00: ✅ Correo de transferencia enviada exitosamente
2025-12-09 03:51:07 +00:00: ✅ [EMAIL] Correo enviado exitosamente - ID: <1acd7290-c14b-8df8-4e3c-d846f19154c8@gmail.com>
2025-12-09 03:51:07 +00:00: ✅ Correo de transferencia recibida exitosamente
2025-12-09 03:51:11 +00:00: 🔍 Verificando elegibilidad para usuario: 1
2025-12-09 03:51:15 +00:00: 🔍 Verificando elegibilidad para usuario: 1
2025-12-09 03:51:15 +00:00: 📊 Estado de Cuenta - Request: { idUsuario: 1, fechaInicio: '2025-11-08', fechaFin: '2025-12-08' }
2025-12-09 03:51:15 +00:00: 👤 Usuario encontrado: {
  Nombre: 'Carlos',
  ApellidoPaterno: 'González',
  ApellidoMaterno: 'Ramírez',
  Correo: 'yamirperezlopez800@gmail.com',
  Numcuenta: '1234567890',
  Saldo: 12552.45,
  Banco: 'Liberty Bank'
}
2025-12-09 03:51:15 +00:00: 💳 Consultando movimientos para cuenta: 1234567890
2025-12-09 03:51:15 +00:00: ✅ Estado de cuenta generado exitosamente
2025-12-09 03:51:15 +00:00: 📈 Resumen: { movimientos: 0, ingresos: 0, egresos: 0, saldoFinal: 12552.45 }
2025-12-09 03:51:41 +00:00: 🔍 Verificando elegibilidad para usuario: 1
2025-12-09 03:51:53 +00:00: 📊 Estado de Cuenta - Request: { idUsuario: 1, fechaInicio: '2025-11-08', fechaFin: '2025-12-08' }
2025-12-09 03:51:53 +00:00: 👤 Usuario encontrado: {
  Nombre: 'Carlos',
  ApellidoPaterno: 'González',
  ApellidoMaterno: 'Ramírez',
  Correo: 'yamirperezlopez800@gmail.com',
  Numcuenta: '1234567890',
  Saldo: 12552.45,
  Banco: 'Liberty Bank'
}
2025-12-09 03:51:53 +00:00: 💳 Consultando movimientos para cuenta: 1234567890
2025-12-09 03:51:53 +00:00: ✅ Estado de cuenta generado exitosamente
2025-12-09 03:51:53 +00:00: 📈 Resumen: { movimientos: 0, ingresos: 0, egresos: 0, saldoFinal: 12552.45 }
